BL51 BANKED LINKER/LOCATER V4.13                                                        07/07/2016  16:12:06  PAGE 1


BL51 BANKED LINKER/LOCATER V4.13, INVOKED BY:
F:\KEIL\C51\BIN\BL51.EXE ´®ÐÐ¿Ú.obj TO ´®ÐÐ¿Ú


MEMORY MODEL: SMALL


INPUT MODULES INCLUDED:
  ´®ÐÐ¿Ú.obj (´_ÐÐ_Ú)
  F:\KEIL\C51\LIB\C51S.LIB (?C_STARTUP)


LINK MAP OF MODULE:  ´®ÐÐ¿Ú (´_ÐÐ_Ú)


            TYPE    BASE      LENGTH    RELOCATION   SEGMENT NAME
            -----------------------------------------------------

            * * * * * * *   D A T A   M E M O R Y   * * * * * * *
            REG     0000H     0008H     ABSOLUTE     "REG BANK 0"
            DATA    0008H     0005H     UNIT         ?DT?´_ÐÐ_Ú
            IDATA   000DH     0001H     UNIT         ?STACK

            * * * * * * *   C O D E   M E M O R Y   * * * * * * *
            CODE    0000H     0003H     ABSOLUTE     
            CODE    0003H     0019H     UNIT         ?PR?INIT?´_ÐÐ_Ú
            CODE    001CH     0006H     UNIT         ?CO?´_ÐÐ_Ú
                    0022H     0001H                  *** GAP ***
            CODE    0023H     0003H     ABSOLUTE     
            CODE    0026H     003DH     UNIT         ?PR?MAIN?´_ÐÐ_Ú
            CODE    0063H     000CH     UNIT         ?PR?SER?´_ÐÐ_Ú
            CODE    006FH     000CH     UNIT         ?C_C51STARTUP



OVERLAY MAP OF MODULE:   ´®ÐÐ¿Ú (´_ÐÐ_Ú)


SEGMENT
  +--> CALLED SEGMENT
---------------------
?C_C51STARTUP
  +--> ?PR?MAIN?´_ÐÐ_Ú

?PR?MAIN?´_ÐÐ_Ú
  +--> ?PR?INIT?´_ÐÐ_Ú
  +--> ?CO?´_ÐÐ_Ú



SYMBOL TABLE OF MODULE:  ´®ÐÐ¿Ú (´_ÐÐ_Ú)

  VALUE           TYPE          NAME
  ----------------------------------

  -------         MODULE        ´_ÐÐ_Ú
  C:0000H         SYMBOL        _ICE_DUMMY_
  B:00B0H.4       PUBLIC        T0
BL51 BANKED LINKER/LOCATER V4.13                                                      07/07/2016  16:12:06  PAGE 2


  B:00D0H.6       PUBLIC        AC
  B:00B0H.5       PUBLIC        T1
  B:00A8H.7       PUBLIC        EA
  C:001CH         PUBLIC        table
  B:00B0H.7       PUBLIC        RD
  B:00A8H.4       PUBLIC        ES
  B:0098H.0       PUBLIC        RI
  D:0008H         PUBLIC        flag
  B:00B0H.2       PUBLIC        INT0
  B:00D0H.7       PUBLIC        CY
  B:0098H.1       PUBLIC        TI
  B:00B0H.3       PUBLIC        INT1
  B:00B8H.4       PUBLIC        PS
  B:00D0H.2       PUBLIC        OV
  C:0026H         PUBLIC        main
  B:00B0H.6       PUBLIC        WR
  D:0099H         PUBLIC        SBUF
  D:0087H         PUBLIC        PCON
  D:0089H         PUBLIC        TMOD
  C:0003H         PUBLIC        init
  B:0088H.1       PUBLIC        IE0
  B:0088H.3       PUBLIC        IE1
  B:00A8H.1       PUBLIC        ET0
  B:00A8H.3       PUBLIC        ET1
  B:0088H.5       PUBLIC        TF0
  C:0063H         PUBLIC        ser
  B:0088H.7       PUBLIC        TF1
  B:0098H.2       PUBLIC        RB8
  B:00A8H.0       PUBLIC        EX0
  B:0088H.0       PUBLIC        IT0
  D:008DH         PUBLIC        TH1
  B:0098H.3       PUBLIC        TB8
  B:00A8H.2       PUBLIC        EX1
  B:0088H.2       PUBLIC        IT1
  B:00D0H.0       PUBLIC        P
  B:0098H.7       PUBLIC        SM0
  B:0098H.6       PUBLIC        SM1
  D:008BH         PUBLIC        TL1
  B:0098H.5       PUBLIC        SM2
  B:00B8H.1       PUBLIC        PT0
  B:00B8H.3       PUBLIC        PT1
  B:00D0H.3       PUBLIC        RS0
  B:0088H.4       PUBLIC        TR0
  B:00D0H.4       PUBLIC        RS1
  B:0088H.6       PUBLIC        TR1
  B:00B8H.0       PUBLIC        PX0
  B:00B8H.2       PUBLIC        PX1
  D:000AH         PUBLIC        a
  B:0098H.4       PUBLIC        REN
  D:000BH         PUBLIC        i
  B:00B0H.0       PUBLIC        RXD
  B:00B0H.1       PUBLIC        TXD
  B:00D0H.5       PUBLIC        F0
  -------         PROC          INIT
  C:0003H         LINE#         9
  C:0003H         LINE#         10
  C:0003H         LINE#         11
BL51 BANKED LINKER/LOCATER V4.13                                                      07/07/2016  16:12:06  PAGE 3


  C:0006H         LINE#         12
  C:0009H         LINE#         13
  C:000CH         LINE#         14
  C:000EH         LINE#         15
  C:0010H         LINE#         16
  C:0012H         LINE#         17
  C:0014H         LINE#         19
  C:0017H         LINE#         20
  C:0019H         LINE#         21
  C:001BH         LINE#         22
  -------         ENDPROC       INIT
  -------         PROC          MAIN
  C:0026H         LINE#         23
  C:0026H         LINE#         24
  C:0026H         LINE#         25
  C:0029H         LINE#         26
  C:0029H         LINE#         27
  C:0029H         LINE#         28
  C:0031H         LINE#         29
  C:0031H         LINE#         30
  C:0033H         LINE#         31
  C:0037H         LINE#         32
  C:0037H         LINE#         33
  C:003FH         LINE#         34
  C:0042H         LINE#         35
  C:0044H         LINE#         36
  C:0052H         LINE#         37
  C:0055H         LINE#         38
  C:0058H         LINE#         39
  C:005AH         LINE#         40
  C:005CH         LINE#         41
  C:0061H         LINE#         42
  C:0061H         LINE#         43
  -------         ENDPROC       MAIN
  -------         PROC          SER
  C:0063H         LINE#         46
  C:0063H         LINE#         48
  C:0065H         LINE#         49
  C:0068H         LINE#         50
  C:006EH         LINE#         51
  -------         ENDPROC       SER
  -------         ENDMOD        ´_ÐÐ_Ú

LINK/LOCATE RUN COMPLETE.  0 WARNING(S),  0 ERROR(S)
